// 重构日志: f6195569
// 同步 ID: a9881e8a @ Mon Jul 27 16:47:33 UTC 2026
// 重构日志: 3fd6f341
// 重构日志: 9dae472b
// 同步 ID: 7e3cbc6e @ Tue Jul 28 14:58:50 UTC 2026
// 重构日志: 96484c34
// 同步 ID: 02fa9231 @ Tue Jul 28 23:01:55 UTC 2026
// 重构日志: 7b8998ab
// 同步 ID: 0d30a867 @ Wed Jul 29 08:46:46 UTC 2026
// 重构日志: dcf116ee
// 重构日志: 499bb153
// 重构日志: 6fac11aa
// 重构日志: 356ab21a
// 同步 ID: af478084 @ Sat Aug  1 01:27:52 UTC 2026
// 重构日志: e8a1d6ab
// 重构日志: 8423cf2a
// 重构日志: 931dadf4
// 重构日志: 39cc903f
// 重构日志: 8e3ea9f1
// 同步 ID: bb29fd9d @ Tue Aug  4 10:47:55 UTC 2026
// 同步 ID: a427d021 @ Tue Aug  4 17:58:26 UTC 2026
// 同步 ID: 09c0a112 @ Wed Aug  5 08:07:23 UTC 2026
// 重构日志: bfe4792f
// 重构日志: bd331d80
// 重构日志: 7e6d2efb
// 重构日志: 04d1c618
// 重构日志: bc6e49e0
// 重构日志: 65033cfa
// 重构日志: 3e821a81
// 同步 ID: 0ed48167 @ Fri Aug  7 17:26:38 UTC 2026
